[shtheme.com/demosd/dashcore/index.html]
[backblue.gif]
[fade.gif]
[index.html]
[shtheme.com/demosd/dashcore/wp-content/plugins/contact-form-7/includes/css/stylesbdeb.css]
[shtheme.com/demosd/dashcore/wp-content/themes/dashcore/css/aos4b0b.css]
[shtheme.com/demosd/dashcore/indexd784.html]
[shtheme.com/demosd/dashcore/indexa6da.html]
[shtheme.com/demosd/dashcore/wp-content/themes/dashcore/css/bootstrap4b0b.css]
[shtheme.com/demosd/dashcore/wp-content/themes/dashcore/css/cookieconsent.min4b0b.css]
[shtheme.com/demosd/dashcore/wp-content/themes/dashcore/css/fontawesome-all4b0b.css]
[shtheme.com/demosd/dashcore/wp-content/themes/dashcore/css/helper4b0b.css]
[shtheme.com/demosd/dashcore/wp-content/themes/dashcore/css/magnific-popup4b0b.css]
[shtheme.com/demosd/dashcore/wp-content/themes/dashcore/css/odometer-theme-minimal4b0b.css]
[shtheme.com/demosd/dashcore/wp-content/themes/dashcore/css/pe-icon-7-stroke4b0b.css]
[shtheme.com/demosd/dashcore/wp-content/themes/dashcore/css/prettify4b0b.css]
[shtheme.com/demosd/dashcore/wp-content/themes/dashcore/css/simplebar4b0b.css]
[shtheme.com/demosd/dashcore/wp-content/themes/dashcore/css/smart_wizard4b0b.css]
[shtheme.com/demosd/dashcore/wp-content/themes/dashcore/css/smart_wizard_theme_arrows4b0b.css]
[shtheme.com/demosd/dashcore/wp-content/themes/dashcore/css/smart_wizard_theme_circles4b0b.css]
[shtheme.com/demosd/dashcore/wp-content/themes/dashcore/css/smart_wizard_theme_dots4b0b.css]
[shtheme.com/demosd/dashcore/wp-content/themes/dashcore/css/styles4b0b.css]
[shtheme.com/demosd/dashcore/wp-content/themes/dashcore/css/demo4b0b.css]
[shtheme.com/demosd/dashcore/wp-content/themes/dashcore/css/swiper4b0b.css]
[shtheme.com/demosd/dashcore/wp-content/themes/dashcore/css/slick4b0b.css]
[shtheme.com/demosd/dashcore/wp-content/themes/dashcore/style0cf8.css]
[shtheme.com/demosd/dashcore/wp-content/plugins/mega_main_menu/framework/src/css/icomoone7f3.css]
[shtheme.com/demosd/dashcore/wp-content/plugins/mega_main_menu/src/css/cache.skin5a22.css]
[shtheme.com/demosd/dashcore/wp-content/plugins/js_composer/assets/css/js_composer.min8b06.css]
[shtheme.com/demosd/dashcore/wp-includes/js/jquery/jqueryb8ff.js]
[shtheme.com/demosd/dashcore/wp-includes/js/jquery/jquery-migrate.min330a.js]
[shtheme.com/demosd/dashcore/index52f0.json]
[shtheme.com/demosd/dashcore/xmlrpc0db0.php]
[shtheme.com/demosd/dashcore/wp-includes/wlwmanifest.xml]
[shtheme.com/demosd/dashcore/indexb036.json]
[shtheme.com/demosd/dashcore/index5e5b.php]
[shtheme.com/demosd/dashcore/wp-content/themes/dashcore/img/logo.png]
[shtheme.com/demosd/dashcore/wp-content/themes/dashcore/img/logo-light.png]
[shtheme.com/demosd/dashcore/wp-content/uploads/2019/02/main-shape-1.svg]
[shtheme.com/demosd/dashcore/wp-content/uploads/2019/02/like-1.svg]
[shtheme.com/demosd/dashcore/wp-content/uploads/2019/02/smile.svg]
[shtheme.com/demosd/dashcore/wp-content/uploads/2019/02/heart.svg]
[shtheme.com/demosd/dashcore/indexd2aa.html]
[shtheme.com/demosd/dashcore/wp-content/uploads/2019/02/1-2.svg]
[shtheme.com/demosd/dashcore/index5e2b.html]
[shtheme.com/demosd/dashcore/wp-content/uploads/2019/02/2-2.svg]
[shtheme.com/demosd/dashcore/wp-content/uploads/2019/02/3-2.svg]
[shtheme.com/demosd/dashcore/wp-content/uploads/2019/02/4-2.svg]
[shtheme.com/demosd/dashcore/wp-content/uploads/2019/02/5.svg]
[shtheme.com/demosd/dashcore/index9f85.html]
[shtheme.com/demosd/dashcore/wp-content/uploads/2019/02/6.svg]
[shtheme.com/demosd/dashcore/wp-content/uploads/2019/02/7.svg]
[shtheme.com/demosd/dashcore/wp-content/uploads/2019/02/4-2.png]
[shtheme.com/demosd/dashcore/wp-content/uploads/2019/02/marketing.svg]
[shtheme.com/demosd/dashcore/index64d2.html]
[shtheme.com/demosd/dashcore/wp-content/uploads/2019/02/1-1.png]
[shtheme.com/demosd/dashcore/wp-content/uploads/2019/02/map-dots-1.svg]
[shtheme.com/demosd/dashcore/wp-content/uploads/2019/02/1.png]
[shtheme.com/demosd/dashcore/wp-content/uploads/2019/02/2.png]
[shtheme.com/demosd/dashcore/wp-content/uploads/2019/02/3.png]
[shtheme.com/demosd/dashcore/wp-content/uploads/2019/02/4.png]
[shtheme.com/demosd/dashcore/wp-content/uploads/2019/02/7-1.jpg]
[shtheme.com/demosd/dashcore/wp-content/uploads/2019/02/6-1.jpg]
[shtheme.com/demosd/dashcore/wp-content/uploads/2019/02/5-1.jpg]
[shtheme.com/demosd/dashcore/wp-content/uploads/2019/02/4-1.jpg]
[shtheme.com/demosd/dashcore/wp-content/uploads/2019/02/3-1.jpg]
[shtheme.com/demosd/dashcore/wp-content/uploads/2019/02/2-2.jpg]
[shtheme.com/demosd/dashcore/wp-content/uploads/2019/02/1-3.jpg]
[shtheme.net/demosd/dashcore/wp-content/uploads/2019/03/logo.png]
[shtheme.com/demosd/dashcore/about.html]
[shtheme.com/demosd/dashcore/blog/blog-grid.html]
[shtheme.com/demosd/dashcore/wp-content/plugins/contact-form-7/includes/js/scriptsbdeb.js]
[shtheme.com/demosd/dashcore/wp-content/themes/dashcore/js/02.1.cookie-consent-themes4b0b.js]
[shtheme.com/demosd/dashcore/wp-content/themes/dashcore/js/02.2.cookie-consent-custom-css4b0b.js]
[shtheme.com/demosd/dashcore/wp-content/themes/dashcore/js/02.3.cookie-consent-informational4b0b.js]
[shtheme.com/demosd/dashcore/wp-content/themes/dashcore/js/01.cookie-consent-util4b0b.js]
[shtheme.com/demosd/dashcore/wp-content/themes/dashcore/js/02.4.cookie-consent-opt-out4b0b.js]
[shtheme.com/demosd/dashcore/wp-content/themes/dashcore/js/02.5.cookie-consent-opt-in4b0b.js]
[shtheme.com/demosd/dashcore/wp-content/themes/dashcore/js/02.6.cookie-consent-location4b0b.js]
[shtheme.com/demosd/dashcore/wp-content/themes/dashcore/js/jquery4b0b.js]
[shtheme.com/demosd/dashcore/wp-content/themes/dashcore/js/jquery.animatebar4b0b.js]
[shtheme.com/demosd/dashcore/wp-content/themes/dashcore/js/jquery.smartWizard4b0b.js]
[shtheme.com/demosd/dashcore/wp-content/themes/dashcore/js/odometer.min4b0b.js]
[shtheme.com/demosd/dashcore/wp-content/themes/dashcore/js/simplebar4b0b.js]
[shtheme.com/demosd/dashcore/wp-content/themes/dashcore/js/swiper4b0b.js]
[shtheme.com/demosd/dashcore/wp-content/themes/dashcore/js/popper4b0b.js]
[shtheme.com/demosd/dashcore/wp-content/themes/dashcore/js/jquery.easing.min4b0b.js]
[shtheme.com/demosd/dashcore/wp-content/themes/dashcore/js/bootstrap4b0b.js]
[shtheme.com/demosd/dashcore/wp-content/plugins/js_composer/assets/lib/waypoints/waypoints.min8b06.js]
[shtheme.com/demosd/dashcore/wp-content/themes/dashcore/js/jquery.counterup4b0b.js]
[shtheme.com/demosd/dashcore/wp-content/themes/dashcore/js/modernizr-2.8.3.min4b0b.js]
[shtheme.com/demosd/dashcore/wp-content/themes/dashcore/js/aos4b0b.js]
[shtheme.com/demosd/dashcore/wp-content/themes/dashcore/js/particles4b0b.js]
[shtheme.com/demosd/dashcore/wp-content/themes/dashcore/js/typed4b0b.js]
[shtheme.com/demosd/dashcore/wp-content/themes/dashcore/js/prettify4b0b.js]
[shtheme.com/demosd/dashcore/wp-content/themes/dashcore/js/jquery.magnific-popup4b0b.js]
[shtheme.com/demosd/dashcore/wp-content/themes/dashcore/js/cookieconsent.min4b0b.js]
[shtheme.com/demosd/dashcore/wp-content/themes/dashcore/js/common-script4b0b.js]
[shtheme.com/demosd/dashcore/wp-content/themes/dashcore/js/slick.min4b0b.js]
[shtheme.com/demosd/dashcore/wp-content/themes/dashcore/js/site4b0b.js]
[shtheme.com/demosd/dashcore/wp-content/themes/dashcore/js/demo4b0b.js]
[shtheme.com/demosd/dashcore/wp-content/plugins/mega_main_menu/src/js/frontende7f3.js]
[shtheme.com/demosd/dashcore/wp-includes/js/wp-embed.min4b0b.js]
[shtheme.com/demosd/dashcore/wp-content/plugins/js_composer/assets/js/dist/js_composer_front.min8b06.js]
[shtheme.com/demosd/dashcore/index.html]
[shtheme.com/demosd/dashcore/wp-content/plugins/contact-form-7/images/ajax-loader.gif]
[shtheme.com/demosd/dashcore/wp-content/plugins/contact-form-7/includes/css/stylesbdeb.css]
[shtheme.com/demosd/dashcore/wp-content/themes/dashcore/css/aos4b0b.css]
[shtheme.com/demosd/dashcore/wp-content/themes/dashcore/css/bootstrap4b0b.css]
[shtheme.com/demosd/dashcore/wp-content/themes/dashcore/css/cookieconsent.min4b0b.css]
[shtheme.com/demosd/dashcore/wp-content/themes/dashcore/fonts/fa-brands-400.eot]
[shtheme.com/demosd/dashcore/wp-content/themes/dashcore/fonts/fa-brands-400.woff2]
[shtheme.com/demosd/dashcore/wp-content/themes/dashcore/fonts/fa-brands-400d41d.eot]
[shtheme.com/demosd/dashcore/wp-content/themes/dashcore/fonts/fa-brands-400.woff]
[shtheme.com/demosd/dashcore/wp-content/themes/dashcore/fonts/fa-brands-400.ttf]
[shtheme.com/demosd/dashcore/wp-content/themes/dashcore/fonts/fa-regular-400.eot]
[shtheme.com/demosd/dashcore/wp-content/themes/dashcore/fonts/fa-brands-400.svg]
[shtheme.com/demosd/dashcore/wp-content/themes/dashcore/fonts/fa-regular-400d41d.eot]
[shtheme.com/demosd/dashcore/wp-content/themes/dashcore/fonts/fa-regular-400.woff2]
[shtheme.com/demosd/dashcore/wp-content/themes/dashcore/fonts/fa-regular-400.woff]
[shtheme.com/demosd/dashcore/wp-content/themes/dashcore/fonts/fa-regular-400.ttf]
[shtheme.com/demosd/dashcore/wp-content/themes/dashcore/fonts/fa-regular-400.svg]
[shtheme.com/demosd/dashcore/wp-content/themes/dashcore/fonts/fa-solid-900.eot]
[shtheme.com/demosd/dashcore/wp-content/themes/dashcore/fonts/fa-solid-900d41d.eot]
[shtheme.com/demosd/dashcore/wp-content/themes/dashcore/fonts/fa-solid-900.woff2]
[shtheme.com/demosd/dashcore/wp-content/themes/dashcore/fonts/fa-solid-900.woff]
[shtheme.com/demosd/dashcore/wp-content/themes/dashcore/fonts/fa-solid-900.ttf]
[shtheme.com/demosd/dashcore/wp-content/themes/dashcore/css/fontawesome-all4b0b.css]
[shtheme.com/demosd/dashcore/wp-content/themes/dashcore/css/helper4b0b.css]
[shtheme.com/demosd/dashcore/wp-content/themes/dashcore/css/magnific-popup4b0b.css]
[shtheme.com/demosd/dashcore/wp-content/themes/dashcore/css/odometer-theme-minimal4b0b.css]
[shtheme.com/demosd/dashcore/wp-content/themes/dashcore/fonts/fa-solid-900.svg]
[shtheme.com/demosd/dashcore/wp-content/themes/dashcore/fonts/Pe-icon-7-strokebb1d.eot]
[shtheme.com/demosd/dashcore/wp-content/themes/dashcore/fonts/Pe-icon-7-stroked41d.eot]
[shtheme.com/demosd/dashcore/wp-content/themes/dashcore/fonts/Pe-icon-7-strokebb1d.woff]
[shtheme.com/demosd/dashcore/wp-content/themes/dashcore/fonts/Pe-icon-7-strokebb1d.ttf]
[shtheme.com/demosd/dashcore/wp-content/themes/dashcore/css/pe-icon-7-stroke4b0b.css]
[shtheme.com/demosd/dashcore/wp-content/themes/dashcore/css/prettify4b0b.css]
[shtheme.com/demosd/dashcore/wp-content/themes/dashcore/css/simplebar4b0b.css]
[shtheme.com/demosd/dashcore/wp-content/themes/dashcore/css/smart_wizard4b0b.css]
[shtheme.com/demosd/dashcore/wp-content/themes/dashcore/css/smart_wizard_theme_arrows4b0b.css]
[shtheme.com/demosd/dashcore/wp-content/themes/dashcore/css/smart_wizard_theme_circles4b0b.css]
[shtheme.com/demosd/dashcore/wp-content/themes/dashcore/css/smart_wizard_theme_dots4b0b.css]
[shtheme.com/demosd/dashcore/wp-content/themes/dashcore/css/styles4b0b.css]
[shtheme.com/demosd/dashcore/wp-content/themes/dashcore/css/demo4b0b.css]
[shtheme.com/demosd/dashcore/wp-content/themes/dashcore/css/swiper4b0b.css]
[shtheme.com/demosd/dashcore/wp-content/themes/dashcore/css/slick4b0b.css]
[shtheme.com/demosd/dashcore/wp-content/themes/dashcore/style0cf8.css]
[shtheme.com/demosd/dashcore/wp-content/themes/dashcore/fonts/Pe-icon-7-strokebb1d.svg]
[shtheme.com/demosd/dashcore/wp-content/plugins/mega_main_menu/framework/src/fonts/icomoon.eot]
[shtheme.com/demosd/dashcore/wp-content/plugins/mega_main_menu/framework/src/fonts/icomoond41d.eot]
[shtheme.com/demosd/dashcore/wp-content/plugins/mega_main_menu/framework/src/css/icomoone7f3.css]
[shtheme.com/demosd/dashcore/wp-content/plugins/mega_main_menu/framework/src/fonts/icomoon.ttf]
[shtheme.com/demosd/dashcore/wp-content/plugins/mega_main_menu/framework/src/fonts/icomoon.svg]
[shtheme.com/demosd/dashcore/wp-content/plugins/mega_main_menu/src/css/transparent.7b.delayed]
[shtheme.com/demosd/dashcore/wp-content/plugins/mega_main_menu/src/css/cache.skin5a22.css]
[shtheme.com/demosd/dashcore/wp-content/plugins/js_composer/assets/vc/alert.png]
[shtheme.com/demosd/dashcore/wp-content/plugins/js_composer/assets/vc/info.png]
[shtheme.com/demosd/dashcore/wp-content/plugins/js_composer/assets/vc/tick.png]
[shtheme.com/demosd/dashcore/wp-content/plugins/js_composer/assets/vc/exclamation.png]
[shtheme.com/demosd/dashcore/wp-content/plugins/js_composer/assets/images/icons/address-book.png]
[shtheme.com/demosd/dashcore/wp-content/plugins/js_composer/assets/images/icons/alarm-clock.png]
[shtheme.com/demosd/dashcore/wp-content/plugins/js_composer/assets/images/icons/anchor.png]
[shtheme.com/demosd/dashcore/wp-content/plugins/js_composer/assets/images/icons/application-image.png]
[shtheme.com/demosd/dashcore/wp-content/plugins/js_composer/assets/images/icons/arrow.png]
[shtheme.com/demosd/dashcore/wp-content/plugins/js_composer/assets/images/icons/asterisk.png]
[shtheme.com/demosd/dashcore/wp-content/plugins/js_composer/assets/images/icons/auction-hammer.png]
[shtheme.com/demosd/dashcore/wp-content/plugins/js_composer/assets/images/icons/balloon.png]
[shtheme.com/demosd/dashcore/wp-content/plugins/js_composer/assets/images/icons/balloon-buzz.png]
[shtheme.com/demosd/dashcore/wp-content/plugins/js_composer/assets/images/icons/balloon-facebook.png]
[shtheme.com/demosd/dashcore/wp-content/plugins/js_composer/assets/images/icons/balloon-twitter.png]
[shtheme.com/demosd/dashcore/wp-content/plugins/js_composer/assets/images/icons/battery-full.png]
[shtheme.com/demosd/dashcore/wp-content/plugins/js_composer/assets/images/icons/binocular.png]
[shtheme.com/demosd/dashcore/wp-content/plugins/js_composer/assets/images/icons/blue-document-excel.png]
[shtheme.com/demosd/dashcore/wp-content/plugins/js_composer/assets/images/icons/blue-document-image.png]
[shtheme.com/demosd/dashcore/wp-content/plugins/js_composer/assets/images/icons/blue-document-music.png]
[shtheme.com/demosd/dashcore/wp-content/plugins/js_composer/assets/images/icons/blue-document-office.png]
[shtheme.com/demosd/dashcore/wp-content/plugins/js_composer/assets/images/icons/blue-document-pdf.png]
[shtheme.com/demosd/dashcore/wp-content/plugins/js_composer/assets/images/icons/blue-document-powerpoint.png]
[shtheme.com/demosd/dashcore/wp-content/plugins/js_composer/assets/images/icons/blue-document-word.png]
[shtheme.com/demosd/dashcore/wp-content/plugins/js_composer/assets/images/icons/bookmark.png]
[shtheme.com/demosd/dashcore/wp-content/plugins/js_composer/assets/images/icons/camcorder.png]
[shtheme.com/demosd/dashcore/wp-content/plugins/js_composer/assets/images/icons/camera.png]
[shtheme.com/demosd/dashcore/wp-content/plugins/js_composer/assets/images/icons/chart.png]
[shtheme.com/demosd/dashcore/wp-content/plugins/js_composer/assets/images/icons/chart-pie.png]
[shtheme.com/demosd/dashcore/wp-content/plugins/js_composer/assets/images/icons/clock.png]
[shtheme.com/demosd/dashcore/wp-content/plugins/js_composer/assets/images/icons/control.png]
[shtheme.com/demosd/dashcore/wp-content/plugins/js_composer/assets/images/icons/fire.png]
[shtheme.com/demosd/dashcore/wp-content/plugins/js_composer/assets/images/icons/heart.png]
[shtheme.com/demosd/dashcore/wp-content/plugins/js_composer/assets/images/icons/mail.png]
[shtheme.com/demosd/dashcore/wp-content/plugins/js_composer/assets/images/icons/plus-shield.png]
[shtheme.com/demosd/dashcore/wp-content/plugins/js_composer/assets/images/icons/video.png]
[shtheme.com/demosd/dashcore/wp-content/plugins/js_composer/assets/fonts/vc_icons_v2/fonts/vcpb-plugin-icons01aa.ttf]
[shtheme.com/demosd/dashcore/wp-content/plugins/js_composer/assets/fonts/vc_icons_v2/fonts/vcpb-plugin-icons01aa.woff]
[shtheme.com/demosd/dashcore/wp-content/plugins/js_composer/assets/fonts/vc_icons_v2/fonts/vcpb-plugin-icons01aa.svg]
[shtheme.com/demosd/dashcore/wp-content/plugins/js_composer/assets/images/toggle_open.png]
[shtheme.com/demosd/dashcore/wp-content/plugins/js_composer/assets/images/toggle_close.png]
[shtheme.com/demosd/dashcore/wp-content/plugins/js_composer/assets/images/flickr.png]
[shtheme.com/demosd/dashcore/wp-content/plugins/js_composer/assets/fonts/vc_grid/vc_grid_v157a1.eot]
[shtheme.com/demosd/dashcore/wp-content/plugins/js_composer/assets/fonts/vc_grid/vc_grid_v1d41d.eot]
[shtheme.com/demosd/dashcore/wp-content/plugins/js_composer/assets/fonts/vc_grid/vc_grid_v157a1.woff]
[shtheme.com/demosd/dashcore/wp-content/plugins/js_composer/assets/fonts/vc_grid/vc_grid_v157a1.ttf]
[shtheme.com/demosd/dashcore/wp-content/plugins/js_composer/assets/fonts/vc_grid/vc_grid_v157a1.svg]
[shtheme.com/demosd/dashcore/wp-content/plugins/js_composer/assets/images/spinner.gif]
[shtheme.com/demosd/dashcore/wp-content/plugins/js_composer/assets/vc/remove.png]
[shtheme.com/demosd/dashcore/wp-content/plugins/js_composer/assets/css/js_composer.min8b06.css]
[shtheme.com/demosd/dashcore/wp-includes/js/jquery/jqueryb8ff.js]
[shtheme.com/demosd/dashcore/wp-includes/js/jquery/jquery-migrate.min330a.js]
[shtheme.com/demosd/dashcore/index80bb.json]
[shtheme.com/demosd/dashcore/index1c6a.php]
[shtheme.com/demosd/dashcore/wp-content/uploads/2019/02/waves.jpg]
[shtheme.com/demosd/dashcore/wp-content/uploads/2019/02/bgdis.jpg]
[shtheme.com/demosd/dashcore/wp-content/uploads/2019/02/4-1.png]
[shtheme.com/demosd/dashcore/wp-content/uploads/2019/02/5.png]
[shtheme.com/demosd/dashcore/wp-content/uploads/2019/02/6.png]
[shtheme.com/demosd/dashcore/wp-content/uploads/2019/02/6-3.jpg]
[shtheme.com/demosd/dashcore/wp-content/uploads/2019/02/5-3.jpg]
[shtheme.com/demosd/dashcore/wp-content/uploads/2019/02/4-3.jpg]
[shtheme.com/demosd/dashcore/wp-content/uploads/2019/02/3-3.jpg]
[shtheme.com/demosd/dashcore/wp-content/uploads/2019/02/2-4.jpg]
[shtheme.com/demosd/dashcore/wp-content/uploads/2019/02/1-5.jpg]
[shtheme.com/demosd/dashcore/indexd2aa.html]
[shtheme.com/demosd/dashcore/index2988.json]
[shtheme.com/demosd/dashcore/index1844.php]
[shtheme.com/demosd/dashcore/index5e2b.html]
[shtheme.com/demosd/dashcore/index1edc.json]
[shtheme.com/demosd/dashcore/index9d11.php]
[shtheme.com/demosd/dashcore/wp-content/themes/dashcore/img/bg/waves.jpg]
[shtheme.net/demosd/dashcore/wp-content/uploads/2019/02/b6-1.jpg]
[shtheme.com/demosd/dashcore/wp-content/uploads/2019/02/b5.jpg]
[shtheme.com/demosd/dashcore/wp-content/uploads/2019/02/b7.jpg]
[shtheme.com/demosd/dashcore/wp-content/uploads/2019/02/b6-1.jpg]
[shtheme.com/demosd/dashcore/wp-content/uploads/2019/02/b1.jpg]
[shtheme.com/demosd/dashcore/indexba52.html]
[shtheme.com/demosd/dashcore/indexcd64.html]
[shtheme.com/demosd/dashcore/indexdd23.html]
[shtheme.net/demosd/dashcore/wp-content/uploads/2019/02/b1.jpg]
[shtheme.com/demosd/dashcore/index0d0b.html]
[shtheme.com/demosd/dashcore/index5643.html]
[shtheme.net/demosd/dashcore/wp-content/uploads/2019/02/b7.jpg]
[shtheme.com/demosd/dashcore/index1c4a.html]
[shtheme.com/demosd/dashcore/index2cf9.html]
[shtheme.net/demosd/dashcore/wp-content/uploads/2019/02/b5.jpg]
[shtheme.com/demosd/dashcore/index3965.html]
[shtheme.com/demosd/dashcore/indexd8eb.html]
[shtheme.net/image/theme_forest.jpg]
[shtheme.com/demosd/dashcore/index9f85.html]
[shtheme.com/demosd/dashcore/indexd7b7.html]
[shtheme.com/demosd/dashcore/indexfa64.html]
[shtheme.com/demosd/dashcore/index54cb.html]
[shtheme.com/demosd/dashcore/index5140.html]
[shtheme.com/demosd/dashcore/indexc10b.json]
[shtheme.com/demosd/dashcore/index2d79.html]
[shtheme.com/demosd/dashcore/indexb4e7.html]
[shtheme.com/demosd/dashcore/index4796.html]
[shtheme.com/demosd/dashcore/index534e.php]
[shtheme.com/demosd/dashcore/index64d2.html]
[shtheme.com/demosd/dashcore/wp-content/uploads/2019/02/main-shape-1.svg]
[shtheme.com/demosd/dashcore/indexb0ab.html]
[shtheme.com/demosd/dashcore/wp-content/uploads/2019/02/like-1.svg]
[shtheme.com/demosd/dashcore/indexf233.html]
[shtheme.com/demosd/dashcore/index83cd.html]
[shtheme.com/demosd/dashcore/index494a.html]
[shtheme.com/demosd/dashcore/wp-content/uploads/2019/02/smile.svg]
[shtheme.com/demosd/dashcore/index4a90.html]
[shtheme.com/demosd/dashcore/index39ad.html]
[shtheme.com/demosd/dashcore/index8b33.html]
[shtheme.com/demosd/dashcore/wp-content/uploads/2019/02/heart.svg]
[shtheme.com/demosd/dashcore/wp-content/uploads/2019/02/1-2.svg]
[shtheme.com/demosd/dashcore/wp-content/uploads/2019/02/2-2.svg]
[shtheme.com/demosd/dashcore/wp-content/uploads/2019/02/3-2.svg]
[shtheme.com/demosd/dashcore/wp-content/uploads/2019/02/4-2.svg]
[shtheme.com/demosd/dashcore/wp-content/uploads/2019/02/5.svg]
[shtheme.com/demosd/dashcore/wp-content/uploads/2019/02/6.svg]
[shtheme.com/demosd/dashcore/wp-content/uploads/2019/02/7.svg]
[shtheme.com/demosd/dashcore/wp-content/uploads/2019/02/marketing.svg]
[shtheme.com/demosd/dashcore/wp-content/uploads/2019/02/map-dots-1.svg]
[shtheme.com/demosd/dashcore/about.html]
[shtheme.com/demosd/dashcore/blog/blog-grid.html]
[shtheme.com/demosd/dashcore/wp-content/plugins/contact-form-7/includes/js/scriptsbdeb.js]
[shtheme.com/demosd/dashcore/wp-content/themes/dashcore/js/01.cookie-consent-util4b0b.js]
[shtheme.com/demosd/dashcore/wp-content/themes/dashcore/js/02.1.cookie-consent-themes4b0b.js]
[shtheme.com/demosd/dashcore/wp-content/themes/dashcore/js/02.2.cookie-consent-custom-css4b0b.js]
[shtheme.com/demosd/dashcore/wp-content/themes/dashcore/js/02.3.cookie-consent-informational4b0b.js]
[shtheme.com/demosd/dashcore/wp-content/themes/dashcore/js/02.4.cookie-consent-opt-out4b0b.js]
[shtheme.com/demosd/dashcore/wp-content/themes/dashcore/js/02.5.cookie-consent-opt-in4b0b.js]
[shtheme.com/demosd/dashcore/wp-content/themes/dashcore/js/02.6.cookie-consent-location4b0b.js]
[shtheme.com/demosd/dashcore/wp-content/themes/dashcore/js/jquery4b0b.js]
[shtheme.com/demosd/dashcore/wp-content/themes/dashcore/js/jquery.animatebar4b0b.js]
[shtheme.com/demosd/dashcore/wp-content/themes/dashcore/js/jquery.smartWizard4b0b.js]
[shtheme.com/demosd/dashcore/wp-content/themes/dashcore/js/odometer.min4b0b.js]
[shtheme.com/demosd/dashcore/wp-content/themes/dashcore/js/simplebar4b0b.js]
[shtheme.com/demosd/dashcore/wp-content/themes/dashcore/js/swiper4b0b.js]
[shtheme.com/demosd/dashcore/index0563.html]
[shtheme.com/demosd/dashcore/Version/index.html]
[shtheme.com/demosd/dashcore/version/index-2.html]
[shtheme.com/demosd/dashcore/wp-content/themes/dashcore/js/popper4b0b.js]
[shtheme.com/demosd/dashcore/wp-content/themes/dashcore/js/jquery.easing.min4b0b.js]
[shtheme.com/demosd/dashcore/popper.js]
[shtheme.com/demosd/dashcore/wp-content/themes/dashcore/js/bootstrap4b0b.js]
[shtheme.com/demosd/dashcore/wp-content/plugins/js_composer/assets/lib/waypoints/waypoints.min8b06.js]
[shtheme.com/demosd/dashcore/wp-content/themes/dashcore/js/jquery.counterup4b0b.js]
[shtheme.com/demosd/dashcore/wp-content/themes/dashcore/js/modernizr-2.8.3.min4b0b.js]
[shtheme.com/demosd/dashcore/wp-content/themes/dashcore/js/aos4b0b.js]
[shtheme.com/demosd/dashcore/dist/index.html]
[shtheme.com/demosd/dashcore/GET]
[shtheme.com/demosd/dashcore/Error pJS - No image.src]
[shtheme.com/demosd/dashcore/wp-content/themes/dashcore/js/particles4b0b.js]
[shtheme.com/demosd/dashcore/wp-content/themes/dashcore/js/typed4b0b.js]
[shtheme.com/demosd/dashcore/wp-content/themes/dashcore/js/prettify4b0b.js]
[shtheme.com/demosd/dashcore/wp-content/themes/dashcore/js/jquery.magnific-popup4b0b.js]
[shtheme.com/demosd/dashcore/wp-content/themes/dashcore/js/cookieconsent.min4b0b.js]
[shtheme.com/demosd/dashcore/wp-content/themes/dashcore/js/common-script4b0b.js]
[shtheme.com/demosd/dashcore/wp-content/themes/dashcore/js/slick.min4b0b.js]
[shtheme.com/demosd/dashcore/wp-content/themes/dashcore/js/site4b0b.js]
[shtheme.com/demosd/dashcore/wp-content/themes/dashcore/js/demo4b0b.js]
[shtheme.com/demosd/dashcore/wp-content/plugins/mega_main_menu/src/js/frontende7f3.js]
[shtheme.com/demosd/dashcore/wp-includes/js/wp-embed.min4b0b.js]
[apis.google.com/js/plusone.js]
[shtheme.com/demosd/dashcore/admin/index.html]
[assets.pinterest.com/js/pinit.js]
[shtheme.com/demosd/dashcore/wp-content/plugins/js_composer/assets/js/dist/js_composer_front.min8b06.js]
[shtheme.com/demosd/dashcore/wp-content/themes/dashcore/fonts/fa-brands-400.svg]
[shtheme.com/demosd/dashcore/wp-content/themes/dashcore/fonts/fa-regular-400.svg]
[shtheme.com/demosd/dashcore/wp-content/themes/dashcore/fonts/fa-solid-900.svg]
[shtheme.com/demosd/dashcore/wp-content/themes/dashcore/fonts/Pe-icon-7-strokebb1d.svg]
[shtheme.com/demosd/dashcore/wp-content/plugins/mega_main_menu/framework/src/fonts/icomoon.svg]
[shtheme.com/demosd/dashcore/wp-content/plugins/mega_main_menu/src/css/transparent.html]
[shtheme.com/demosd/dashcore/wp-content/plugins/js_composer/assets/fonts/vc_icons_v2/fonts/vcpb-plugin-icons01aa.svg]
[shtheme.com/demosd/dashcore/wp-content/plugins/js_composer/assets/fonts/vc_grid/vc_grid_v157a1.svg]
[shtheme.com/demosd/dashcore/index475a.html]
[shtheme.com/demosd/dashcore/index9c09.html]
[shtheme.com/demosd/dashcore/indexefa2.html]
[shtheme.com/demosd/dashcore/indexcd64.html]
[shtheme.com/demosd/dashcore/index78a0.html]
[shtheme.com/demosd/dashcore/indexc56c.json]
[shtheme.com/demosd/dashcore/indexc171.html]
[shtheme.com/demosd/dashcore/indexa4e2.html]
[shtheme.com/demosd/dashcore/indexe928.php]
[shtheme.com/demosd/dashcore/wp-includes/js/comment-reply.min4b0b.js]
[shtheme.com/demosd/dashcore/indexba52.html]
[shtheme.com/demosd/dashcore/index5087.json]
[shtheme.com/demosd/dashcore/index435d.html]
[shtheme.com/demosd/dashcore/indexda11.html]
[shtheme.com/demosd/dashcore/indexc35b.php]
[shtheme.com/demosd/dashcore/indexef5f.html]
[shtheme.com/demosd/dashcore/wp-content/uploads/2019/02/b5-150x150.jpg]
[shtheme.com/demosd/dashcore/wp-content/uploads/2019/02/b7-150x150.jpg]
[shtheme.com/demosd/dashcore/wp-content/uploads/2019/02/b6-1-150x150.jpg]
[shtheme.com/demosd/dashcore/index0cbd.html]
[shtheme.com/demosd/dashcore/wp-content/uploads/2019/02/b1-150x150.jpg]
[shtheme.com/demosd/dashcore/index0d0b.html]
[shtheme.com/demosd/dashcore/index2acc.html]
[shtheme.com/demosd/dashcore/indexb776.json]
[shtheme.com/demosd/dashcore/index3b3d.html]
[shtheme.com/demosd/dashcore/indexf2e7.php]
[shtheme.com/demosd/dashcore/indexdd23.html]
[shtheme.com/demosd/dashcore/indexa7ea.html]
[shtheme.com/demosd/dashcore/index3cb5.html]
[shtheme.com/demosd/dashcore/indexee68.html]
[shtheme.com/demosd/dashcore/indexf4ca.html]
[shtheme.com/demosd/dashcore/indexbb15.html]
[shtheme.com/demosd/dashcore/indexf2da.json]
[shtheme.com/demosd/dashcore/index20c7.html]
[shtheme.com/demosd/dashcore/index2745.html]
[shtheme.com/demosd/dashcore/index3f2e.php]
[shtheme.com/demosd/dashcore/index5643.html]
[shtheme.com/demosd/dashcore/index1d09.json]
[shtheme.com/demosd/dashcore/index2b56.html]
[shtheme.com/demosd/dashcore/indexe338.html]
[shtheme.com/demosd/dashcore/index1c4a.html]
[shtheme.com/demosd/dashcore/indexb225.php]
[shtheme.com/demosd/dashcore/index1a78.json]
[shtheme.com/demosd/dashcore/indexfa2a.html]
[shtheme.com/demosd/dashcore/index2cf9.html]
[shtheme.com/demosd/dashcore/index8955.php]
[shtheme.com/demosd/dashcore/index8f07.json]
[shtheme.com/demosd/dashcore/indexc6eb.html]
[shtheme.com/demosd/dashcore/index3965.html]
[shtheme.com/demosd/dashcore/index1bbd.php]
[shtheme.com/demosd/dashcore/index0bae.json]
[shtheme.com/demosd/dashcore/index8031.html]
[shtheme.com/demosd/dashcore/indexfb27.html]
[shtheme.com/demosd/dashcore/indexc471.html]
[shtheme.com/demosd/dashcore/index4d88.html]
[shtheme.com/demosd/dashcore/indexd8eb.html]
[shtheme.com/demosd/dashcore/indexd7b7.html]
[shtheme.com/demosd/dashcore/index54cb.html]
[shtheme.com/demosd/dashcore/indexfa64.html]
[shtheme.com/demosd/dashcore/indexd24b.php]
[shtheme.com/demosd/dashcore/index5140.html]
[shtheme.com/demosd/dashcore/index19a7.html]
[shtheme.com/demosd/dashcore/index2d79.html]
[shtheme.com/demosd/dashcore/index357d.html]
[shtheme.com/demosd/dashcore/indexa526.html]
[shtheme.com/demosd/dashcore/indexb4e7.html]
[shtheme.com/demosd/dashcore/index4796.html]
[shtheme.com/demosd/dashcore/indexa8ee.html]
[shtheme.com/demosd/dashcore/index0ae6.html]
[shtheme.com/demosd/dashcore/indexb0ab.html]
[shtheme.com/demosd/dashcore/indexf233.html]
[shtheme.com/demosd/dashcore/indexd584.html]
[shtheme.com/demosd/dashcore/index83cd.html]
[shtheme.com/demosd/dashcore/indexd708.html]
[shtheme.com/demosd/dashcore/index494a.html]
[shtheme.com/demosd/dashcore/index8bc9.html]
[shtheme.com/demosd/dashcore/index4a90.html]
[shtheme.com/demosd/dashcore/index08ab.html]
[shtheme.com/demosd/dashcore/index8b33.html]
[shtheme.com/demosd/dashcore/index1e1e.html]
[shtheme.com/demosd/dashcore/index39ad.html]
[shtheme.com/demosd/dashcore/indexbb81.html]
[shtheme.com/demosd/dashcore/index0563.html]
[shtheme.com/demosd/dashcore/index0817.html]
[shtheme.com/demosd/dashcore/index8372.html]
[shtheme.com/demosd/dashcore/index88c5.html]
[shtheme.com/demosd/dashcore/index6594.html]
[shtheme.com/demosd/dashcore/Version/index.html]
[shtheme.com/demosd/dashcore/version/index-2.html]
[shtheme.com/demosd/dashcore/popper.html]
[shtheme.com/demosd/dashcore/dist/index.html]
[shtheme.com/demosd/dashcore/GET.html]
[shtheme.com/demosd/dashcore/Error pJS - No image.html]
[shtheme.com/demosd/dashcore/admin/index.html]
[shtheme.com/demosd/dashcore/indexc171.html]
[shtheme.com/demosd/dashcore/indexb457.html]
[shtheme.com/demosd/dashcore/indexda11.html]
[shtheme.com/demosd/dashcore/index435d.html]
[shtheme.com/demosd/dashcore/wp-includes/js/comment-reply.min4b0b.js]
[shtheme.com/demosd/dashcore/indexdadd.html]
[shtheme.com/demosd/dashcore/index0d2b.html]
[shtheme.com/demosd/dashcore/indexd409.html]
[shtheme.com/demosd/dashcore/index4bf8.json]
[shtheme.com/demosd/dashcore/index4877.php]
[shtheme.com/demosd/dashcore/wp-content/uploads/2019/02/b5-300x215.jpg]
[shtheme.com/demosd/dashcore/index0cbd.html]
[shtheme.com/demosd/dashcore/indexce65.json]
[shtheme.com/demosd/dashcore/index7199.php]
[shtheme.com/demosd/dashcore/wp-content/uploads/2019/02/b7-300x215.jpg]
[shtheme.com/demosd/dashcore/index2acc.html]
[shtheme.com/demosd/dashcore/index8727.json]
[shtheme.com/demosd/dashcore/indexffbe.php]
[shtheme.com/demosd/dashcore/wp-content/uploads/2019/02/b6-1-300x215.jpg]
[shtheme.com/demosd/dashcore/index3b3d.html]
[shtheme.com/demosd/dashcore/index0c52.json]
[shtheme.com/demosd/dashcore/index6003.php]
[shtheme.com/demosd/dashcore/wp-content/uploads/2019/02/b1-300x215.jpg]
[shtheme.com/demosd/dashcore/index3cb5.html]
[shtheme.com/demosd/dashcore/indexee68.html]
[shtheme.com/demosd/dashcore/indexf4ca.html]
[shtheme.com/demosd/dashcore/indexbb15.html]
[shtheme.com/demosd/dashcore/index20c7.html]
[shtheme.com/demosd/dashcore/index2b56.html]
[shtheme.com/demosd/dashcore/index8031.html]
[shtheme.com/demosd/dashcore/indexfb27.html]
[shtheme.com/demosd/dashcore/index7818.json]
[shtheme.com/demosd/dashcore/indexb5d0.html]
[shtheme.com/demosd/dashcore/indexc471.html]
[shtheme.com/demosd/dashcore/indexd584.html]
[shtheme.com/demosd/dashcore/indexb457.html]
[shtheme.com/demosd/dashcore/indexdadd.html]
[shtheme.com/demosd/dashcore/index0d2b.html]
[shtheme.com/demosd/dashcore/indexd409.html]
[shtheme.com/demosd/dashcore/indexffd5.html]
[shtheme.com/demosd/dashcore/index3eda.html]
[shtheme.com/demosd/dashcore/index90b0.html]
[shtheme.com/demosd/dashcore/index6cbf.php]
[shtheme.com/demosd/dashcore/indexe5c7.html]
[shtheme.com/demosd/dashcore/index9ade.html]
[shtheme.com/demosd/dashcore/index8779.html]
[shtheme.com/demosd/dashcore/index2fcf.html]
[shtheme.com/demosd/dashcore/indexe398.html]
[shtheme.com/demosd/dashcore/indexf5dd.html]
[shtheme.com/demosd/dashcore/index9ab8.html]
[shtheme.com/demosd/dashcore/index4bd8.html]
[shtheme.com/demosd/dashcore/index4d05.html]
[shtheme.com/demosd/dashcore/index4bd8.html]
[shtheme.com/demosd/dashcore/index8779.html]
[shtheme.com/demosd/dashcore/index4d05.html]
[shtheme.com/demosd/dashcore/index2fcf.html]
[shtheme.com/demosd/dashcore/indexd562.html]
[shtheme.com/demosd/dashcore/indexd562.html]
[shtheme.com/demosd/dashcore/index80c0.html]
[shtheme.com/demosd/dashcore/index80c0.html]
[shtheme.com/demosd/dashcore/index6a0e.html]
[shtheme.com/demosd/dashcore/index6a0e.html]
[shtheme.com/demosd/dashcore/indexa819.html]
[shtheme.com/demosd/dashcore/indexa819.html]
[shtheme.com/demosd/dashcore/indexfcdd.html]
[shtheme.com/demosd/dashcore/indexfcdd.html]
